pygame 2.6.1 (SDL 2.28.4, Python 3.13.5)
Hello from the pygame community. https://www.pygame.org/contribute.html
Starting Comprehensive Tests for Unified Stickman Battle Game
======================================================================

Testing Physics System Edge Cases...
ERROR in test_physics_edge_cases: 'charmap' codec can't encode character '\u2713' in position 0: character maps to <undefined>

Testing Combat System Edge Cases...
ERROR in test_combat_edge_cases: 'charmap' codec can't encode character '\u2713' in position 0: character maps to <undefined>

Testing Particle System Performance...
ERROR in test_particle_performance: 'charmap' codec can't encode character '\u2713' in position 0: character maps to <undefined>

Testing AI Complex Scenarios...
  Frame 0: Boss pos [300, 300], Minion pos [400, 400]
  Frame 30: Boss pos [300, 300], Minion pos [400, 400]
  Frame 60: Boss pos [300, 300], Minion pos [400, 400]
Minion minion1 attacks for 5 damage!
  Frame 90: Boss pos [300, 300], Minion pos [400, 400]
ERROR in test_ai_complex_scenarios: 'charmap' codec can't encode character '\u2713' in position 0: character maps to <undefined>

Testing Crafting Complex Scenarios...
ERROR in test_crafting_complex_recipes: 'charmap' codec can't encode character '\u2713' in position 0: character maps to <undefined>

Testing Echo System Performance...
ERROR in test_echo_system_performance: 'charmap' codec can't encode character '\u2713' in position 0: character maps to <undefined>
ERROR in test_integration_scenario: 'charmap' codec can't encode character '\U0001f3af' in position 2: character maps to <undefined>

======================================================================
Some tests failed. Please review the errors above.
